
**** Build of configuration Debug for project Lab1 ****

"C:\\ti\\ccs1281\\ccs\\utils\\bin\\gmake" -k -j 16 all -O 
 
Building file: "../startup_msp432p401r_ccs.c"
Invoking: Arm Compiler
"C:/ti/ccs1281/ccs/tools/compiler/ti-cgt-arm_20.2.7.LTS/bin/armcl" -mv7M4 --code_state=16 --float_support=FPv4SPD16 -me --include_path="C:/Users/skim/OneDrive - IHMC/Desktop/CCS_21.0.0.00014_win/Lab 01/Lab1/driverlib/MSP432P4xx" --include_path="C:/ti/simplelink_msp432p4_sdk_3_40_01_02/source/ti/devices/msp432p4xx/inc" --include_path="C:/ti/simplelink_msp432p4_sdk_3_40_01_02/source/third_party/CMSIS/Include" --include_path="C:/ti/ccs1281/ccs/ccs_base/arm/include/CMSIS" --include_path="C:/Users/skim/OneDrive - IHMC/Desktop/CCS_21.0.0.00014_win/Lab 01/Lab1" --include_path="C:/ti/ccs1281/ccs/tools/compiler/ti-cgt-arm_20.2.7.LTS/include" --advice:power=all --define=__MSP432P401R__ --define=ccs -g --gcc --diag_warning=225 --diag_wrap=off --display_error_number --abi=eabi --preproc_with_compile --preproc_dependency="startup_msp432p401r_ccs.d_raw"  "../startup_msp432p401r_ccs.c"
Finished building: "../startup_msp432p401r_ccs.c"
 
Building file: "../main.c"
Invoking: Arm Compiler
"C:/ti/ccs1281/ccs/tools/compiler/ti-cgt-arm_20.2.7.LTS/bin/armcl" -mv7M4 --code_state=16 --float_support=FPv4SPD16 -me --include_path="C:/Users/skim/OneDrive - IHMC/Desktop/CCS_21.0.0.00014_win/Lab 01/Lab1/driverlib/MSP432P4xx" --include_path="C:/ti/simplelink_msp432p4_sdk_3_40_01_02/source/ti/devices/msp432p4xx/inc" --include_path="C:/ti/simplelink_msp432p4_sdk_3_40_01_02/source/third_party/CMSIS/Include" --include_path="C:/ti/ccs1281/ccs/ccs_base/arm/include/CMSIS" --include_path="C:/Users/skim/OneDrive - IHMC/Desktop/CCS_21.0.0.00014_win/Lab 01/Lab1" --include_path="C:/ti/ccs1281/ccs/tools/compiler/ti-cgt-arm_20.2.7.LTS/include" --advice:power=all --define=__MSP432P401R__ --define=ccs -g --gcc --diag_warning=225 --diag_wrap=off --display_error_number --abi=eabi --preproc_with_compile --preproc_dependency="main.d_raw"  "../main.c"
Finished building: "../main.c"
 
Building file: "../system_msp432p401r.c"
Invoking: Arm Compiler
"C:/ti/ccs1281/ccs/tools/compiler/ti-cgt-arm_20.2.7.LTS/bin/armcl" -mv7M4 --code_state=16 --float_support=FPv4SPD16 -me --include_path="C:/Users/skim/OneDrive - IHMC/Desktop/CCS_21.0.0.00014_win/Lab 01/Lab1/driverlib/MSP432P4xx" --include_path="C:/ti/simplelink_msp432p4_sdk_3_40_01_02/source/ti/devices/msp432p4xx/inc" --include_path="C:/ti/simplelink_msp432p4_sdk_3_40_01_02/source/third_party/CMSIS/Include" --include_path="C:/ti/ccs1281/ccs/ccs_base/arm/include/CMSIS" --include_path="C:/Users/skim/OneDrive - IHMC/Desktop/CCS_21.0.0.00014_win/Lab 01/Lab1" --include_path="C:/ti/ccs1281/ccs/tools/compiler/ti-cgt-arm_20.2.7.LTS/include" --advice:power=all --define=__MSP432P401R__ --define=ccs -g --gcc --diag_warning=225 --diag_wrap=off --display_error_number --abi=eabi --preproc_with_compile --preproc_dependency="system_msp432p401r.d_raw"  "../system_msp432p401r.c"
"../system_msp432p401r.c", line 156: remark #2623-D: (ULP 5.4) Detected an assignment to a type with size less than int. To avoid unnecessary sign extension, use int-sized types for local varaibles and convert to smaller types for static storage.
"../system_msp432p401r.c", line 189: remark #2623-D: (ULP 5.4) Detected an assignment to a type with size less than int. To avoid unnecessary sign extension, use int-sized types for local varaibles and convert to smaller types for static storage.
Finished building: "../system_msp432p401r.c"
 
Building file: "../driverlib/MSP432P4xx/adc14.c"
Invoking: Arm Compiler
"C:/ti/ccs1281/ccs/tools/compiler/ti-cgt-arm_20.2.7.LTS/bin/armcl" -mv7M4 --code_state=16 --float_support=FPv4SPD16 -me --include_path="C:/Users/skim/OneDrive - IHMC/Desktop/CCS_21.0.0.00014_win/Lab 01/Lab1/driverlib/MSP432P4xx" --include_path="C:/ti/simplelink_msp432p4_sdk_3_40_01_02/source/ti/devices/msp432p4xx/inc" --include_path="C:/ti/simplelink_msp432p4_sdk_3_40_01_02/source/third_party/CMSIS/Include" --include_path="C:/ti/ccs1281/ccs/ccs_base/arm/include/CMSIS" --include_path="C:/Users/skim/OneDrive - IHMC/Desktop/CCS_21.0.0.00014_win/Lab 01/Lab1" --include_path="C:/ti/ccs1281/ccs/tools/compiler/ti-cgt-arm_20.2.7.LTS/include" --advice:power=all --define=__MSP432P401R__ --define=ccs -g --gcc --diag_warning=225 --diag_wrap=off --display_error_number --abi=eabi --preproc_with_compile --preproc_dependency="driverlib/MSP432P4xx/adc14.d_raw" --obj_directory="driverlib/MSP432P4xx"  "../driverlib/MSP432P4xx/adc14.c"
"../driverlib/MSP432P4xx/adc14.c", line 542: remark #2623-D: (ULP 5.4) Detected an assignment to a type with size less than int. To avoid unnecessary sign extension, use int-sized types for local varaibles and convert to smaller types for static storage.
"../driverlib/MSP432P4xx/adc14.c", line 543: remark #2623-D: (ULP 5.4) Detected an assignment to a type with size less than int. To avoid unnecessary sign extension, use int-sized types for local varaibles and convert to smaller types for static storage.
"../driverlib/MSP432P4xx/aes256.c", line 68: remark #1543-D: (ULP 12.2) Detected for loop with repetitive data transfer. Recommend using DMA
"../driverlib/MSP432P4xx/aes256.c", line 70: remark #2623-D: (ULP 5.4) Detected an assignment to a type with size less than int. To avoid unnecessary sign extension, use int-sized types for local varaibles and convert to smaller types for static storage.
"../driverlib/MSP432P4xx/aes256.c", line 71: remark #2623-D: (ULP 5.4) Detected an assignment to a type with size less than int. To avoid unnecessary sign extension, use int-sized types for local varaibles and convert to smaller types for static storage.
"../driverlib/MSP432P4xx/aes256.c", line 76: remark #1527-D: (ULP 2.1) Detected SW delay loop using empty loop. Recommend using a timer module instead
"../driverlib/MSP432P4xx/aes256.c", line 95: remark #2623-D: (ULP 5.4) Detected an assignment to a type with size less than int. To avoid unnecessary sign extension, use int-sized types for local varaibles and convert to smaller types for static storage.
"../driverlib/MSP432P4xx/aes256.c", line 96: remark #2623-D: (ULP 5.4) Detected an assignment to a type with size less than int. To avoid unnecessary sign extension, use int-sized types for local varaibles and convert to smaller types for static storage.
"../driverlib/MSP432P4xx/aes256.c", line 105: remark #1527-D: (ULP 2.1) Detected SW delay loop using empty loop. Recommend using a timer module instead
"../driverlib/MSP432P4xx/aes256.c", line 130: remark #2623-D: (ULP 5.4) Detected an assignment to a type with size less than int. To avoid unnecessary sign extension, use int-sized types for local varaibles and convert to smaller types for static storage.
"../driverlib/MSP432P4xx/aes256.c", line 131: remark #2623-D: (ULP 5.4) Detected an assignment to a type with size less than int. To avoid unnecessary sign extension, use int-sized types for local varaibles and convert to smaller types for static storage.
"../driverlib/MSP432P4xx/aes256.c", line 140: remark #1527-D: (ULP 2.1) Detected SW delay loop using empty loop. Recommend using a timer module instead
"../driverlib/MSP432P4xx/aes256.c", line 185: remark #2623-D: (ULP 5.4) Detected an assignment to a type with size less than int. To avoid unnecessary sign extension, use int-sized types for local varaibles and convert to smaller types for static storage.
"../driverlib/MSP432P4xx/aes256.c", line 186: remark #2623-D: (ULP 5.4) Detected an assignment to a type with size less than int. To avoid unnecessary sign extension, use int-sized types for local varaibles and convert to smaller types for static storage.
"../driverlib/MSP432P4xx/aes256.c", line 183: remark #2623-D: (ULP 5.4) Detected an assignment to a type with size less than int. To avoid unnecessary sign extension, use int-sized types for local varaibles and convert to smaller types for static storage.
"../driverlib/MSP432P4xx/aes256.c", line 191: remark #1527-D: (ULP 2.1) Detected SW delay loop using empty loop. Recommend using a timer module instead
"../driverlib/MSP432P4xx/aes256.c", line 233: remark #2623-D: (ULP 5.4) Detected an assignment to a type with size less than int. To avoid unnecessary sign extension, use int-sized types for local varaibles and convert to smaller types for static storage.
"../driverlib/MSP432P4xx/aes256.c", line 234: remark #2623-D: (ULP 5.4) Detected an assignment to a type with size less than int. To avoid unnecessary sign extension, use int-sized types for local varaibles and convert to smaller types for static storage.
"../driverlib/MSP432P4xx/aes256.c", line 231: remark #2623-D: (ULP 5.4) Detected an assignment to a type with size less than int. To avoid unnecessary sign extension, use int-sized types for local varaibles and convert to smaller types for static storage.
"../driverlib/MSP432P4xx/aes256.c", line 254: remark #2623-D: (ULP 5.4) Detected an assignment to a type with size less than int. To avoid unnecessary sign extension, use int-sized types for local varaibles and convert to smaller types for static storage.
"../driverlib/MSP432P4xx/aes256.c", line 255: remark #2623-D: (ULP 5.4) Detected an assignment to a type with size less than int. To avoid unnecessary sign extension, use int-sized types for local varaibles and convert to smaller types for static storage.
"../driverlib/MSP432P4xx/aes256.c", line 294: remark #1543-D: (ULP 12.2) Detected for loop with repetitive data transfer. Recommend using DMA
"../driverlib/MSP432P4xx/aes256.c", line 296: remark #2623-D: (ULP 5.4) Detected an assignment to a type with size less than int. To avoid unnecessary sign extension, use int-sized types for local varaibles and convert to smaller types for static storage.
"../driverlib/MSP432P4xx/aes256.c", line 297: remark #2623-D: (ULP 5.4) Detected an assignment to a type with size less than int. To avoid unnecessary sign extension, use int-sized types for local varaibles and convert to smaller types for static storage.
"../driverlib/MSP432P4xx/aes256.c", line 314: remark #2623-D: (ULP 5.4) Detected an assignment to a type with size less than int. To avoid unnecessary sign extension, use int-sized types for local varaibles and convert to smaller types for static storage.
Finished building: "../driverlib/MSP432P4xx/adc14.c"
 
Building file: "../driverlib/MSP432P4xx/aes256.c"
Invoking: Arm Compiler
"C:/ti/ccs1281/ccs/tools/compiler/ti-cgt-arm_20.2.7.LTS/bin/armcl" -mv7M4 --code_state=16 --float_support=FPv4SPD16 -me --include_path="C:/Users/skim/OneDrive - IHMC/Desktop/CCS_21.0.0.00014_win/Lab 01/Lab1/driverlib/MSP432P4xx" --include_path="C:/ti/simplelink_msp432p4_sdk_3_40_01_02/source/ti/devices/msp432p4xx/inc" --include_path="C:/ti/simplelink_msp432p4_sdk_3_40_01_02/source/third_party/CMSIS/Include" --include_path="C:/ti/ccs1281/ccs/ccs_base/arm/include/CMSIS" --include_path="C:/Users/skim/OneDrive - IHMC/Desktop/CCS_21.0.0.00014_win/Lab 01/Lab1" --include_path="C:/ti/ccs1281/ccs/tools/compiler/ti-cgt-arm_20.2.7.LTS/include" --advice:power=all --define=__MSP432P401R__ --define=ccs -g --gcc --diag_warning=225 --diag_wrap=off --display_error_number --abi=eabi --preproc_with_compile --preproc_dependency="driverlib/MSP432P4xx/aes256.d_raw" --obj_directory="driverlib/MSP432P4xx"  "../driverlib/MSP432P4xx/aes256.c"
Finished building: "../driverlib/MSP432P4xx/aes256.c"
 
Building file: "../driverlib/MSP432P4xx/comp_e.c"
Invoking: Arm Compiler
"C:/ti/ccs1281/ccs/tools/compiler/ti-cgt-arm_20.2.7.LTS/bin/armcl" -mv7M4 --code_state=16 --float_support=FPv4SPD16 -me --include_path="C:/Users/skim/OneDrive - IHMC/Desktop/CCS_21.0.0.00014_win/Lab 01/Lab1/driverlib/MSP432P4xx" --include_path="C:/ti/simplelink_msp432p4_sdk_3_40_01_02/source/ti/devices/msp432p4xx/inc" --include_path="C:/ti/simplelink_msp432p4_sdk_3_40_01_02/source/third_party/CMSIS/Include" --include_path="C:/ti/ccs1281/ccs/ccs_base/arm/include/CMSIS" --include_path="C:/Users/skim/OneDrive - IHMC/Desktop/CCS_21.0.0.00014_win/Lab 01/Lab1" --include_path="C:/ti/ccs1281/ccs/tools/compiler/ti-cgt-arm_20.2.7.LTS/include" --advice:power=all --define=__MSP432P401R__ --define=ccs -g --gcc --diag_warning=225 --diag_wrap=off --display_error_number --abi=eabi --preproc_with_compile --preproc_dependency="driverlib/MSP432P4xx/comp_e.d_raw" --obj_directory="driverlib/MSP432P4xx"  "../driverlib/MSP432P4xx/comp_e.c"
Finished building: "../driverlib/MSP432P4xx/comp_e.c"
 
Building file: "../driverlib/MSP432P4xx/cpu.c"
Invoking: Arm Compiler
"C:/ti/ccs1281/ccs/tools/compiler/ti-cgt-arm_20.2.7.LTS/bin/armcl" -mv7M4 --code_state=16 --float_support=FPv4SPD16 -me --include_path="C:/Users/skim/OneDrive - IHMC/Desktop/CCS_21.0.0.00014_win/Lab 01/Lab1/driverlib/MSP432P4xx" --include_path="C:/ti/simplelink_msp432p4_sdk_3_40_01_02/source/ti/devices/msp432p4xx/inc" --include_path="C:/ti/simplelink_msp432p4_sdk_3_40_01_02/source/third_party/CMSIS/Include" --include_path="C:/ti/ccs1281/ccs/ccs_base/arm/include/CMSIS" --include_path="C:/Users/skim/OneDrive - IHMC/Desktop/CCS_21.0.0.00014_win/Lab 01/Lab1" --include_path="C:/ti/ccs1281/ccs/tools/compiler/ti-cgt-arm_20.2.7.LTS/include" --advice:power=all --define=__MSP432P401R__ --define=ccs -g --gcc --diag_warning=225 --diag_wrap=off --display_error_number --abi=eabi --preproc_with_compile --preproc_dependency="driverlib/MSP432P4xx/cpu.d_raw" --obj_directory="driverlib/MSP432P4xx"  "../driverlib/MSP432P4xx/cpu.c"
Finished building: "../driverlib/MSP432P4xx/cpu.c"
 
Building file: "../driverlib/MSP432P4xx/crc32.c"
Invoking: Arm Compiler
"C:/ti/ccs1281/ccs/tools/compiler/ti-cgt-arm_20.2.7.LTS/bin/armcl" -mv7M4 --code_state=16 --float_support=FPv4SPD16 -me --include_path="C:/Users/skim/OneDrive - IHMC/Desktop/CCS_21.0.0.00014_win/Lab 01/Lab1/driverlib/MSP432P4xx" --include_path="C:/ti/simplelink_msp432p4_sdk_3_40_01_02/source/ti/devices/msp432p4xx/inc" --include_path="C:/ti/simplelink_msp432p4_sdk_3_40_01_02/source/third_party/CMSIS/Include" --include_path="C:/ti/ccs1281/ccs/ccs_base/arm/include/CMSIS" --include_path="C:/Users/skim/OneDrive - IHMC/Desktop/CCS_21.0.0.00014_win/Lab 01/Lab1" --include_path="C:/ti/ccs1281/ccs/tools/compiler/ti-cgt-arm_20.2.7.LTS/include" --advice:power=all --define=__MSP432P401R__ --define=ccs -g --gcc --diag_warning=225 --diag_wrap=off --display_error_number --abi=eabi --preproc_with_compile --preproc_dependency="driverlib/MSP432P4xx/crc32.d_raw" --obj_directory="driverlib/MSP432P4xx"  "../driverlib/MSP432P4xx/crc32.c"
Finished building: "../driverlib/MSP432P4xx/crc32.c"
 
Building file: "../driverlib/MSP432P4xx/cs.c"
Invoking: Arm Compiler
"C:/ti/ccs1281/ccs/tools/compiler/ti-cgt-arm_20.2.7.LTS/bin/armcl" -mv7M4 --code_state=16 --float_support=FPv4SPD16 -me --include_path="C:/Users/skim/OneDrive - IHMC/Desktop/CCS_21.0.0.00014_win/Lab 01/Lab1/driverlib/MSP432P4xx" --include_path="C:/ti/simplelink_msp432p4_sdk_3_40_01_02/source/ti/devices/msp432p4xx/inc" --include_path="C:/ti/simplelink_msp432p4_sdk_3_40_01_02/source/third_party/CMSIS/Include" --include_path="C:/ti/ccs1281/ccs/ccs_base/arm/include/CMSIS" --include_path="C:/Users/skim/OneDrive - IHMC/Desktop/CCS_21.0.0.00014_win/Lab 01/Lab1" --include_path="C:/ti/ccs1281/ccs/tools/compiler/ti-cgt-arm_20.2.7.LTS/include" --advice:power=all --define=__MSP432P401R__ --define=ccs -g --gcc --diag_warning=225 --diag_wrap=off --display_error_number --abi=eabi --preproc_with_compile --preproc_dependency="driverlib/MSP432P4xx/cs.d_raw" --obj_directory="driverlib/MSP432P4xx"  "../driverlib/MSP432P4xx/cs.c"
"../driverlib/MSP432P4xx/cs.c", line 234: remark #1527-D: (ULP 2.1) Detected SW delay loop using empty loop. Recommend using a timer module instead
"../driverlib/MSP432P4xx/cs.c", line 243: remark #1527-D: (ULP 2.1) Detected SW delay loop using empty loop. Recommend using a timer module instead
"../driverlib/MSP432P4xx/cs.c", line 253: remark #1527-D: (ULP 2.1) Detected SW delay loop using empty loop. Recommend using a timer module instead
"../driverlib/MSP432P4xx/cs.c", line 261: remark #1527-D: (ULP 2.1) Detected SW delay loop using empty loop. Recommend using a timer module instead
"../driverlib/MSP432P4xx/cs.c", line 270: remark #1527-D: (ULP 2.1) Detected SW delay loop using empty loop. Recommend using a timer module instead
"../driverlib/MSP432P4xx/cs.c", line 278: remark #1527-D: (ULP 2.1) Detected SW delay loop using empty loop. Recommend using a timer module instead
"../driverlib/MSP432P4xx/cs.c", line 287: remark #1527-D: (ULP 2.1) Detected SW delay loop using empty loop. Recommend using a timer module instead
"../driverlib/MSP432P4xx/cs.c", line 295: remark #1527-D: (ULP 2.1) Detected SW delay loop using empty loop. Recommend using a timer module instead
"../driverlib/MSP432P4xx/cs.c", line 305: remark #1527-D: (ULP 2.1) Detected SW delay loop using empty loop. Recommend using a timer module instead
"../driverlib/MSP432P4xx/cs.c", line 319: remark #1527-D: (ULP 2.1) Detected SW delay loop using empty loop. Recommend using a timer module instead
"../driverlib/MSP432P4xx/cs.c", line 355: remark #2623-D: (ULP 5.4) Detected an assignment to a type with size less than int. To avoid unnecessary sign extension, use int-sized types for local varaibles and convert to smaller types for static storage.
"../driverlib/MSP432P4xx/cs.c", line 421: remark #2623-D: (ULP 5.4) Detected an assignment to a type with size less than int. To avoid unnecessary sign extension, use int-sized types for local varaibles and convert to smaller types for static storage.
"../driverlib/MSP432P4xx/cs.c", line 423: remark #2623-D: (ULP 5.4) Detected an assignment to a type with size less than int. To avoid unnecessary sign extension, use int-sized types for local varaibles and convert to smaller types for static storage.
"../driverlib/MSP432P4xx/cs.c", line 424: remark #2623-D: (ULP 5.4) Detected an assignment to a type with size less than int. To avoid unnecessary sign extension, use int-sized types for local varaibles and convert to smaller types for static storage.
"../driverlib/MSP432P4xx/cs.c", line 630: remark #2623-D: (ULP 5.4) Detected an assignment to a type with size less than int. To avoid unnecessary sign extension, use int-sized types for local varaibles and convert to smaller types for static storage.
"../driverlib/MSP432P4xx/cs.c", line 633: remark #2623-D: (ULP 5.4) Detected an assignment to a type with size less than int. To avoid unnecessary sign extension, use int-sized types for local varaibles and convert to smaller types for static storage.
"../driverlib/MSP432P4xx/cs.c", line 638: remark #2623-D: (ULP 5.4) Detected an assignment to a type with size less than int. To avoid unnecessary sign extension, use int-sized types for local varaibles and convert to smaller types for static storage.
"../driverlib/MSP432P4xx/cs.c", line 641: remark #2623-D: (ULP 5.4) Detected an assignment to a type with size less than int. To avoid unnecessary sign extension, use int-sized types for local varaibles and convert to smaller types for static storage.
Finished building: "../driverlib/MSP432P4xx/cs.c"
 
Building file: "../driverlib/MSP432P4xx/dma.c"
Invoking: Arm Compiler
"C:/ti/ccs1281/ccs/tools/compiler/ti-cgt-arm_20.2.7.LTS/bin/armcl" -mv7M4 --code_state=16 --float_support=FPv4SPD16 -me --include_path="C:/Users/skim/OneDrive - IHMC/Desktop/CCS_21.0.0.00014_win/Lab 01/Lab1/driverlib/MSP432P4xx" --include_path="C:/ti/simplelink_msp432p4_sdk_3_40_01_02/source/ti/devices/msp432p4xx/inc" --include_path="C:/ti/simplelink_msp432p4_sdk_3_40_01_02/source/third_party/CMSIS/Include" --include_path="C:/ti/ccs1281/ccs/ccs_base/arm/include/CMSIS" --include_path="C:/Users/skim/OneDrive - IHMC/Desktop/CCS_21.0.0.00014_win/Lab 01/Lab1" --include_path="C:/ti/ccs1281/ccs/tools/compiler/ti-cgt-arm_20.2.7.LTS/include" --advice:power=all --define=__MSP432P401R__ --define=ccs -g --gcc --diag_warning=225 --diag_wrap=off --display_error_number --abi=eabi --preproc_with_compile --preproc_dependency="driverlib/MSP432P4xx/dma.d_raw" --obj_directory="driverlib/MSP432P4xx"  "../driverlib/MSP432P4xx/dma.c"
Finished building: "../driverlib/MSP432P4xx/dma.c"
 
Building file: "../driverlib/MSP432P4xx/fpu.c"
Invoking: Arm Compiler
"C:/ti/ccs1281/ccs/tools/compiler/ti-cgt-arm_20.2.7.LTS/bin/armcl" -mv7M4 --code_state=16 --float_support=FPv4SPD16 -me --include_path="C:/Users/skim/OneDrive - IHMC/Desktop/CCS_21.0.0.00014_win/Lab 01/Lab1/driverlib/MSP432P4xx" --include_path="C:/ti/simplelink_msp432p4_sdk_3_40_01_02/source/ti/devices/msp432p4xx/inc" --include_path="C:/ti/simplelink_msp432p4_sdk_3_40_01_02/source/third_party/CMSIS/Include" --include_path="C:/ti/ccs1281/ccs/ccs_base/arm/include/CMSIS" --include_path="C:/Users/skim/OneDrive - IHMC/Desktop/CCS_21.0.0.00014_win/Lab 01/Lab1" --include_path="C:/ti/ccs1281/ccs/tools/compiler/ti-cgt-arm_20.2.7.LTS/include" --advice:power=all --define=__MSP432P401R__ --define=ccs -g --gcc --diag_warning=225 --diag_wrap=off --display_error_number --abi=eabi --preproc_with_compile --preproc_dependency="driverlib/MSP432P4xx/fpu.d_raw" --obj_directory="driverlib/MSP432P4xx"  "../driverlib/MSP432P4xx/fpu.c"
Finished building: "../driverlib/MSP432P4xx/fpu.c"
 
Building file: "../driverlib/MSP432P4xx/gpio.c"
Invoking: Arm Compiler
"C:/ti/ccs1281/ccs/tools/compiler/ti-cgt-arm_20.2.7.LTS/bin/armcl" -mv7M4 --code_state=16 --float_support=FPv4SPD16 -me --include_path="C:/Users/skim/OneDrive - IHMC/Desktop/CCS_21.0.0.00014_win/Lab 01/Lab1/driverlib/MSP432P4xx" --include_path="C:/ti/simplelink_msp432p4_sdk_3_40_01_02/source/ti/devices/msp432p4xx/inc" --include_path="C:/ti/simplelink_msp432p4_sdk_3_40_01_02/source/third_party/CMSIS/Include" --include_path="C:/ti/ccs1281/ccs/ccs_base/arm/include/CMSIS" --include_path="C:/Users/skim/OneDrive - IHMC/Desktop/CCS_21.0.0.00014_win/Lab 01/Lab1" --include_path="C:/ti/ccs1281/ccs/tools/compiler/ti-cgt-arm_20.2.7.LTS/include" --advice:power=all --define=__MSP432P401R__ --define=ccs -g --gcc --diag_warning=225 --diag_wrap=off --display_error_number --abi=eabi --preproc_with_compile --preproc_dependency="driverlib/MSP432P4xx/gpio.d_raw" --obj_directory="driverlib/MSP432P4xx"  "../driverlib/MSP432P4xx/gpio.c"
Finished building: "../driverlib/MSP432P4xx/gpio.c"
 
Building file: "../driverlib/MSP432P4xx/flash.c"
Invoking: Arm Compiler
"C:/ti/ccs1281/ccs/tools/compiler/ti-cgt-arm_20.2.7.LTS/bin/armcl" -mv7M4 --code_state=16 --float_support=FPv4SPD16 -me --include_path="C:/Users/skim/OneDrive - IHMC/Desktop/CCS_21.0.0.00014_win/Lab 01/Lab1/driverlib/MSP432P4xx" --include_path="C:/ti/simplelink_msp432p4_sdk_3_40_01_02/source/ti/devices/msp432p4xx/inc" --include_path="C:/ti/simplelink_msp432p4_sdk_3_40_01_02/source/third_party/CMSIS/Include" --include_path="C:/ti/ccs1281/ccs/ccs_base/arm/include/CMSIS" --include_path="C:/Users/skim/OneDrive - IHMC/Desktop/CCS_21.0.0.00014_win/Lab 01/Lab1" --include_path="C:/ti/ccs1281/ccs/tools/compiler/ti-cgt-arm_20.2.7.LTS/include" --advice:power=all --define=__MSP432P401R__ --define=ccs -g --gcc --diag_warning=225 --diag_wrap=off --display_error_number --abi=eabi --preproc_with_compile --preproc_dependency="driverlib/MSP432P4xx/flash.d_raw" --obj_directory="driverlib/MSP432P4xx"  "../driverlib/MSP432P4xx/flash.c"
"../driverlib/MSP432P4xx/flash.c", line 725: remark #1527-D: (ULP 2.1) Detected SW delay loop using empty loop. Recommend using a timer module instead
"../driverlib/MSP432P4xx/flash.c", line 732: remark #1527-D: (ULP 2.1) Detected SW delay loop using empty loop. Recommend using a timer module instead
"../driverlib/MSP432P4xx/flash.c", line 1300: remark #2623-D: (ULP 5.4) Detected an assignment to a type with size less than int. To avoid unnecessary sign extension, use int-sized types for local varaibles and convert to smaller types for static storage.
"../driverlib/MSP432P4xx/flash.c", line 1337: remark #2623-D: (ULP 5.4) Detected an assignment to a type with size less than int. To avoid unnecessary sign extension, use int-sized types for local varaibles and convert to smaller types for static storage.
"../driverlib/MSP432P4xx/flash.c", line 50: remark #1534-D: (ULP 7.1) Detected use of global variable "MAX_ERASE_NO_TLV" within one function "FlashCtl_eraseSector". Recommend placing variable in the function locally
"../driverlib/MSP432P4xx/flash.c", line 51: remark #1534-D: (ULP 7.1) Detected use of global variable "MAX_PROGRAM_NO_TLV" within one function "FlashCtl_programMemory". Recommend placing variable in the function locally
"../driverlib/MSP432P4xx/i2c.c", line 163: remark #1527-D: (ULP 2.1) Detected SW delay loop using empty loop. Recommend using a timer module instead
"../driverlib/MSP432P4xx/i2c.c", line 201: remark #1528-D: (ULP 3.1) Detected flag polling using EUSCI_B_IFG_TXIFG. Recommend using an interrupt combined with enter LPMx and ISR
"../driverlib/MSP432P4xx/i2c.c", line 208: remark #1528-D: (ULP 3.1) Detected flag polling using EUSCI_B_IFG_TXIFG. Recommend using an interrupt combined with enter LPMx and ISR
"../driverlib/MSP432P4xx/i2c.c", line 239: remark #1528-D: (ULP 3.1) Detected flag polling using EUSCI_B_IFG_TXIFG. Recommend using an interrupt combined with enter LPMx and ISR
"../driverlib/MSP432P4xx/i2c.c", line 250: remark #1527-D: (ULP 2.1) Detected SW delay loop using empty loop. Recommend using a timer module instead
"../driverlib/MSP432P4xx/i2c.c", line 282: remark #1527-D: (ULP 2.1) Detected SW delay loop using empty loop. Recommend using a timer module instead
"../driverlib/MSP432P4xx/i2c.c", line 309: remark #1527-D: (ULP 2.1) Detected SW delay loop using empty loop. Recommend using a timer module instead
"../driverlib/MSP432P4xx/i2c.c", line 332: remark #1527-D: (ULP 2.1) Detected SW delay loop using empty loop. Recommend using a timer module instead
"../driverlib/MSP432P4xx/i2c.c", line 350: remark #1527-D: (ULP 2.1) Detected SW delay loop using empty loop. Recommend using a timer module instead
"../driverlib/MSP432P4xx/i2c.c", line 371: remark #1527-D: (ULP 2.1) Detected SW delay loop using empty loop. Recommend using a timer module instead
"../driverlib/MSP432P4xx/i2c.c", line 380: remark #1527-D: (ULP 2.1) Detected SW delay loop using empty loop. Recommend using a timer module instead
"../driverlib/MSP432P4xx/i2c.c", line 398: remark #1527-D: (ULP 2.1) Detected SW delay loop using empty loop. Recommend using a timer module instead
"../driverlib/MSP432P4xx/i2c.c", line 411: remark #1527-D: (ULP 2.1) Detected SW delay loop using empty loop. Recommend using a timer module instead
"../driverlib/MSP432P4xx/i2c.c", line 431: remark #1527-D: (ULP 2.1) Detected SW delay loop using empty loop. Recommend using a timer module instead
"../driverlib/MSP432P4xx/i2c.c", line 449: remark #1527-D: (ULP 2.1) Detected SW delay loop using empty loop. Recommend using a timer module instead
"../driverlib/MSP432P4xx/i2c.c", line 484: remark #1527-D: (ULP 2.1) Detected SW delay loop using empty loop. Recommend using a timer module instead
"../driverlib/MSP432P4xx/i2c.c", line 487: remark #1527-D: (ULP 2.1) Detected SW delay loop using empty loop. Recommend using a timer module instead
"../driverlib/MSP432P4xx/i2c.c", line 507: remark #1527-D: (ULP 2.1) Detected SW delay loop using empty loop. Recommend using a timer module instead
"../driverlib/MSP432P4xx/i2c.c", line 516: remark #1527-D: (ULP 2.1) Detected SW delay loop using empty loop. Recommend using a timer module instead
"../driverlib/MSP432P4xx/i2c.c", line 542: remark #1527-D: (ULP 2.1) Detected SW delay loop using empty loop. Recommend using a timer module instead
Finished building: "../driverlib/MSP432P4xx/flash.c"
 
Building file: "../driverlib/MSP432P4xx/i2c.c"
Invoking: Arm Compiler
"C:/ti/ccs1281/ccs/tools/compiler/ti-cgt-arm_20.2.7.LTS/bin/armcl" -mv7M4 --code_state=16 --float_support=FPv4SPD16 -me --include_path="C:/Users/skim/OneDrive - IHMC/Desktop/CCS_21.0.0.00014_win/Lab 01/Lab1/driverlib/MSP432P4xx" --include_path="C:/ti/simplelink_msp432p4_sdk_3_40_01_02/source/ti/devices/msp432p4xx/inc" --include_path="C:/ti/simplelink_msp432p4_sdk_3_40_01_02/source/third_party/CMSIS/Include" --include_path="C:/ti/ccs1281/ccs/ccs_base/arm/include/CMSIS" --include_path="C:/Users/skim/OneDrive - IHMC/Desktop/CCS_21.0.0.00014_win/Lab 01/Lab1" --include_path="C:/ti/ccs1281/ccs/tools/compiler/ti-cgt-arm_20.2.7.LTS/include" --advice:power=all --define=__MSP432P401R__ --define=ccs -g --gcc --diag_warning=225 --diag_wrap=off --display_error_number --abi=eabi --preproc_with_compile --preproc_dependency="driverlib/MSP432P4xx/i2c.d_raw" --obj_directory="driverlib/MSP432P4xx"  "../driverlib/MSP432P4xx/i2c.c"
Finished building: "../driverlib/MSP432P4xx/i2c.c"
 
Building file: "../driverlib/MSP432P4xx/mpu.c"
Invoking: Arm Compiler
"C:/ti/ccs1281/ccs/tools/compiler/ti-cgt-arm_20.2.7.LTS/bin/armcl" -mv7M4 --code_state=16 --float_support=FPv4SPD16 -me --include_path="C:/Users/skim/OneDrive - IHMC/Desktop/CCS_21.0.0.00014_win/Lab 01/Lab1/driverlib/MSP432P4xx" --include_path="C:/ti/simplelink_msp432p4_sdk_3_40_01_02/source/ti/devices/msp432p4xx/inc" --include_path="C:/ti/simplelink_msp432p4_sdk_3_40_01_02/source/third_party/CMSIS/Include" --include_path="C:/ti/ccs1281/ccs/ccs_base/arm/include/CMSIS" --include_path="C:/Users/skim/OneDrive - IHMC/Desktop/CCS_21.0.0.00014_win/Lab 01/Lab1" --include_path="C:/ti/ccs1281/ccs/tools/compiler/ti-cgt-arm_20.2.7.LTS/include" --advice:power=all --define=__MSP432P401R__ --define=ccs -g --gcc --diag_warning=225 --diag_wrap=off --display_error_number --abi=eabi --preproc_with_compile --preproc_dependency="driverlib/MSP432P4xx/mpu.d_raw" --obj_directory="driverlib/MSP432P4xx"  "../driverlib/MSP432P4xx/mpu.c"
Finished building: "../driverlib/MSP432P4xx/mpu.c"
 
Building file: "../driverlib/MSP432P4xx/interrupt.c"
Invoking: Arm Compiler
"C:/ti/ccs1281/ccs/tools/compiler/ti-cgt-arm_20.2.7.LTS/bin/armcl" -mv7M4 --code_state=16 --float_support=FPv4SPD16 -me --include_path="C:/Users/skim/OneDrive - IHMC/Desktop/CCS_21.0.0.00014_win/Lab 01/Lab1/driverlib/MSP432P4xx" --include_path="C:/ti/simplelink_msp432p4_sdk_3_40_01_02/source/ti/devices/msp432p4xx/inc" --include_path="C:/ti/simplelink_msp432p4_sdk_3_40_01_02/source/third_party/CMSIS/Include" --include_path="C:/ti/ccs1281/ccs/ccs_base/arm/include/CMSIS" --include_path="C:/Users/skim/OneDrive - IHMC/Desktop/CCS_21.0.0.00014_win/Lab 01/Lab1" --include_path="C:/ti/ccs1281/ccs/tools/compiler/ti-cgt-arm_20.2.7.LTS/include" --advice:power=all --define=__MSP432P401R__ --define=ccs -g --gcc --diag_warning=225 --diag_wrap=off --display_error_number --abi=eabi --preproc_with_compile --preproc_dependency="driverlib/MSP432P4xx/interrupt.d_raw" --obj_directory="driverlib/MSP432P4xx"  "../driverlib/MSP432P4xx/interrupt.c"
"../driverlib/MSP432P4xx/interrupt.c", line 127: remark #1527-D: (ULP 2.1) Detected SW delay loop using empty loop. Recommend using a timer module instead
Finished building: "../driverlib/MSP432P4xx/interrupt.c"
 
Building file: "../driverlib/MSP432P4xx/pmap.c"
Invoking: Arm Compiler
"C:/ti/ccs1281/ccs/tools/compiler/ti-cgt-arm_20.2.7.LTS/bin/armcl" -mv7M4 --code_state=16 --float_support=FPv4SPD16 -me --include_path="C:/Users/skim/OneDrive - IHMC/Desktop/CCS_21.0.0.00014_win/Lab 01/Lab1/driverlib/MSP432P4xx" --include_path="C:/ti/simplelink_msp432p4_sdk_3_40_01_02/source/ti/devices/msp432p4xx/inc" --include_path="C:/ti/simplelink_msp432p4_sdk_3_40_01_02/source/third_party/CMSIS/Include" --include_path="C:/ti/ccs1281/ccs/ccs_base/arm/include/CMSIS" --include_path="C:/Users/skim/OneDrive - IHMC/Desktop/CCS_21.0.0.00014_win/Lab 01/Lab1" --include_path="C:/ti/ccs1281/ccs/tools/compiler/ti-cgt-arm_20.2.7.LTS/include" --advice:power=all --define=__MSP432P401R__ --define=ccs -g --gcc --diag_warning=225 --diag_wrap=off --display_error_number --abi=eabi --preproc_with_compile --preproc_dependency="driverlib/MSP432P4xx/pmap.d_raw" --obj_directory="driverlib/MSP432P4xx"  "../driverlib/MSP432P4xx/pmap.c"
"../driverlib/MSP432P4xx/pmap.c", line 58: remark #1543-D: (ULP 12.2) Detected for loop with repetitive data transfer. Recommend using DMA
Finished building: "../driverlib/MSP432P4xx/pmap.c"
 
Building file: "../driverlib/MSP432P4xx/pss.c"
Invoking: Arm Compiler
"C:/ti/ccs1281/ccs/tools/compiler/ti-cgt-arm_20.2.7.LTS/bin/armcl" -mv7M4 --code_state=16 --float_support=FPv4SPD16 -me --include_path="C:/Users/skim/OneDrive - IHMC/Desktop/CCS_21.0.0.00014_win/Lab 01/Lab1/driverlib/MSP432P4xx" --include_path="C:/ti/simplelink_msp432p4_sdk_3_40_01_02/source/ti/devices/msp432p4xx/inc" --include_path="C:/ti/simplelink_msp432p4_sdk_3_40_01_02/source/third_party/CMSIS/Include" --include_path="C:/ti/ccs1281/ccs/ccs_base/arm/include/CMSIS" --include_path="C:/Users/skim/OneDrive - IHMC/Desktop/CCS_21.0.0.00014_win/Lab 01/Lab1" --include_path="C:/ti/ccs1281/ccs/tools/compiler/ti-cgt-arm_20.2.7.LTS/include" --advice:power=all --define=__MSP432P401R__ --define=ccs -g --gcc --diag_warning=225 --diag_wrap=off --display_error_number --abi=eabi --preproc_with_compile --preproc_dependency="driverlib/MSP432P4xx/pss.d_raw" --obj_directory="driverlib/MSP432P4xx"  "../driverlib/MSP432P4xx/pss.c"
Finished building: "../driverlib/MSP432P4xx/pss.c"
 
Building file: "../driverlib/MSP432P4xx/pcm.c"
Invoking: Arm Compiler
"C:/ti/ccs1281/ccs/tools/compiler/ti-cgt-arm_20.2.7.LTS/bin/armcl" -mv7M4 --code_state=16 --float_support=FPv4SPD16 -me --include_path="C:/Users/skim/OneDrive - IHMC/Desktop/CCS_21.0.0.00014_win/Lab 01/Lab1/driverlib/MSP432P4xx" --include_path="C:/ti/simplelink_msp432p4_sdk_3_40_01_02/source/ti/devices/msp432p4xx/inc" --include_path="C:/ti/simplelink_msp432p4_sdk_3_40_01_02/source/third_party/CMSIS/Include" --include_path="C:/ti/ccs1281/ccs/ccs_base/arm/include/CMSIS" --include_path="C:/Users/skim/OneDrive - IHMC/Desktop/CCS_21.0.0.00014_win/Lab 01/Lab1" --include_path="C:/ti/ccs1281/ccs/tools/compiler/ti-cgt-arm_20.2.7.LTS/include" --advice:power=all --define=__MSP432P401R__ --define=ccs -g --gcc --diag_warning=225 --diag_wrap=off --display_error_number --abi=eabi --preproc_with_compile --preproc_dependency="driverlib/MSP432P4xx/pcm.d_raw" --obj_directory="driverlib/MSP432P4xx"  "../driverlib/MSP432P4xx/pcm.c"
"../driverlib/MSP432P4xx/pcm.c", line 61: remark #2623-D: (ULP 5.4) Detected an assignment to a type with size less than int. To avoid unnecessary sign extension, use int-sized types for local varaibles and convert to smaller types for static storage.
"../driverlib/MSP432P4xx/pcm.c", line 215: remark #2623-D: (ULP 5.4) Detected an assignment to a type with size less than int. To avoid unnecessary sign extension, use int-sized types for local varaibles and convert to smaller types for static storage.
Finished building: "../driverlib/MSP432P4xx/pcm.c"
 
Building file: "../driverlib/MSP432P4xx/ref_a.c"
Invoking: Arm Compiler
"C:/ti/ccs1281/ccs/tools/compiler/ti-cgt-arm_20.2.7.LTS/bin/armcl" -mv7M4 --code_state=16 --float_support=FPv4SPD16 -me --include_path="C:/Users/skim/OneDrive - IHMC/Desktop/CCS_21.0.0.00014_win/Lab 01/Lab1/driverlib/MSP432P4xx" --include_path="C:/ti/simplelink_msp432p4_sdk_3_40_01_02/source/ti/devices/msp432p4xx/inc" --include_path="C:/ti/simplelink_msp432p4_sdk_3_40_01_02/source/third_party/CMSIS/Include" --include_path="C:/ti/ccs1281/ccs/ccs_base/arm/include/CMSIS" --include_path="C:/Users/skim/OneDrive - IHMC/Desktop/CCS_21.0.0.00014_win/Lab 01/Lab1" --include_path="C:/ti/ccs1281/ccs/tools/compiler/ti-cgt-arm_20.2.7.LTS/include" --advice:power=all --define=__MSP432P401R__ --define=ccs -g --gcc --diag_warning=225 --diag_wrap=off --display_error_number --abi=eabi --preproc_with_compile --preproc_dependency="driverlib/MSP432P4xx/ref_a.d_raw" --obj_directory="driverlib/MSP432P4xx"  "../driverlib/MSP432P4xx/ref_a.c"
Finished building: "../driverlib/MSP432P4xx/ref_a.c"
 
Building file: "../driverlib/MSP432P4xx/reset.c"
Invoking: Arm Compiler
"C:/ti/ccs1281/ccs/tools/compiler/ti-cgt-arm_20.2.7.LTS/bin/armcl" -mv7M4 --code_state=16 --float_support=FPv4SPD16 -me --include_path="C:/Users/skim/OneDrive - IHMC/Desktop/CCS_21.0.0.00014_win/Lab 01/Lab1/driverlib/MSP432P4xx" --include_path="C:/ti/simplelink_msp432p4_sdk_3_40_01_02/source/ti/devices/msp432p4xx/inc" --include_path="C:/ti/simplelink_msp432p4_sdk_3_40_01_02/source/third_party/CMSIS/Include" --include_path="C:/ti/ccs1281/ccs/ccs_base/arm/include/CMSIS" --include_path="C:/Users/skim/OneDrive - IHMC/Desktop/CCS_21.0.0.00014_win/Lab 01/Lab1" --include_path="C:/ti/ccs1281/ccs/tools/compiler/ti-cgt-arm_20.2.7.LTS/include" --advice:power=all --define=__MSP432P401R__ --define=ccs -g --gcc --diag_warning=225 --diag_wrap=off --display_error_number --abi=eabi --preproc_with_compile --preproc_dependency="driverlib/MSP432P4xx/reset.d_raw" --obj_directory="driverlib/MSP432P4xx"  "../driverlib/MSP432P4xx/reset.c"
Finished building: "../driverlib/MSP432P4xx/reset.c"
 
Building file: "../driverlib/MSP432P4xx/rtc_c.c"
Invoking: Arm Compiler
"C:/ti/ccs1281/ccs/tools/compiler/ti-cgt-arm_20.2.7.LTS/bin/armcl" -mv7M4 --code_state=16 --float_support=FPv4SPD16 -me --include_path="C:/Users/skim/OneDrive - IHMC/Desktop/CCS_21.0.0.00014_win/Lab 01/Lab1/driverlib/MSP432P4xx" --include_path="C:/ti/simplelink_msp432p4_sdk_3_40_01_02/source/ti/devices/msp432p4xx/inc" --include_path="C:/ti/simplelink_msp432p4_sdk_3_40_01_02/source/third_party/CMSIS/Include" --include_path="C:/ti/ccs1281/ccs/ccs_base/arm/include/CMSIS" --include_path="C:/Users/skim/OneDrive - IHMC/Desktop/CCS_21.0.0.00014_win/Lab 01/Lab1" --include_path="C:/ti/ccs1281/ccs/tools/compiler/ti-cgt-arm_20.2.7.LTS/include" --advice:power=all --define=__MSP432P401R__ --define=ccs -g --gcc --diag_warning=225 --diag_wrap=off --display_error_number --abi=eabi --preproc_with_compile --preproc_dependency="driverlib/MSP432P4xx/rtc_c.d_raw" --obj_directory="driverlib/MSP432P4xx"  "../driverlib/MSP432P4xx/rtc_c.c"
"../driverlib/MSP432P4xx/rtc_c.c", line 74: remark #1527-D: (ULP 2.1) Detected SW delay loop using empty loop. Recommend using a timer module instead
"../driverlib/MSP432P4xx/rtc_c.c", line 109: remark #1527-D: (ULP 2.1) Detected SW delay loop using empty loop. Recommend using a timer module instead
Finished building: "../driverlib/MSP432P4xx/rtc_c.c"
 
Building file: "../driverlib/MSP432P4xx/sysctl.c"
Invoking: Arm Compiler
"C:/ti/ccs1281/ccs/tools/compiler/ti-cgt-arm_20.2.7.LTS/bin/armcl" -mv7M4 --code_state=16 --float_support=FPv4SPD16 -me --include_path="C:/Users/skim/OneDrive - IHMC/Desktop/CCS_21.0.0.00014_win/Lab 01/Lab1/driverlib/MSP432P4xx" --include_path="C:/ti/simplelink_msp432p4_sdk_3_40_01_02/source/ti/devices/msp432p4xx/inc" --include_path="C:/ti/simplelink_msp432p4_sdk_3_40_01_02/source/third_party/CMSIS/Include" --include_path="C:/ti/ccs1281/ccs/ccs_base/arm/include/CMSIS" --include_path="C:/Users/skim/OneDrive - IHMC/Desktop/CCS_21.0.0.00014_win/Lab 01/Lab1" --include_path="C:/ti/ccs1281/ccs/tools/compiler/ti-cgt-arm_20.2.7.LTS/include" --advice:power=all --define=__MSP432P401R__ --define=ccs -g --gcc --diag_warning=225 --diag_wrap=off --display_error_number --abi=eabi --preproc_with_compile --preproc_dependency="driverlib/MSP432P4xx/sysctl.d_raw" --obj_directory="driverlib/MSP432P4xx"  "../driverlib/MSP432P4xx/sysctl.c"
"../driverlib/MSP432P4xx/sysctl.c", line 157: remark #1527-D: (ULP 2.1) Detected SW delay loop using empty loop. Recommend using a timer module instead
"../driverlib/MSP432P4xx/sysctl.c", line 168: remark #1527-D: (ULP 2.1) Detected SW delay loop using empty loop. Recommend using a timer module instead
"../driverlib/MSP432P4xx/sysctl.c", line 212: remark #1527-D: (ULP 2.1) Detected SW delay loop using empty loop. Recommend using a timer module instead
"../driverlib/MSP432P4xx/sysctl.c", line 223: remark #1527-D: (ULP 2.1) Detected SW delay loop using empty loop. Recommend using a timer module instead
Finished building: "../driverlib/MSP432P4xx/sysctl.c"
 
Building file: "../driverlib/MSP432P4xx/spi.c"
Invoking: Arm Compiler
"C:/ti/ccs1281/ccs/tools/compiler/ti-cgt-arm_20.2.7.LTS/bin/armcl" -mv7M4 --code_state=16 --float_support=FPv4SPD16 -me --include_path="C:/Users/skim/OneDrive - IHMC/Desktop/CCS_21.0.0.00014_win/Lab 01/Lab1/driverlib/MSP432P4xx" --include_path="C:/ti/simplelink_msp432p4_sdk_3_40_01_02/source/ti/devices/msp432p4xx/inc" --include_path="C:/ti/simplelink_msp432p4_sdk_3_40_01_02/source/third_party/CMSIS/Include" --include_path="C:/ti/ccs1281/ccs/ccs_base/arm/include/CMSIS" --include_path="C:/Users/skim/OneDrive - IHMC/Desktop/CCS_21.0.0.00014_win/Lab 01/Lab1" --include_path="C:/ti/ccs1281/ccs/tools/compiler/ti-cgt-arm_20.2.7.LTS/include" --advice:power=all --define=__MSP432P401R__ --define=ccs -g --gcc --diag_warning=225 --diag_wrap=off --display_error_number --abi=eabi --preproc_with_compile --preproc_dependency="driverlib/MSP432P4xx/spi.d_raw" --obj_directory="driverlib/MSP432P4xx"  "../driverlib/MSP432P4xx/spi.c"
Finished building: "../driverlib/MSP432P4xx/spi.c"
 
Building file: "../driverlib/MSP432P4xx/systick.c"
Invoking: Arm Compiler
"C:/ti/ccs1281/ccs/tools/compiler/ti-cgt-arm_20.2.7.LTS/bin/armcl" -mv7M4 --code_state=16 --float_support=FPv4SPD16 -me --include_path="C:/Users/skim/OneDrive - IHMC/Desktop/CCS_21.0.0.00014_win/Lab 01/Lab1/driverlib/MSP432P4xx" --include_path="C:/ti/simplelink_msp432p4_sdk_3_40_01_02/source/ti/devices/msp432p4xx/inc" --include_path="C:/ti/simplelink_msp432p4_sdk_3_40_01_02/source/third_party/CMSIS/Include" --include_path="C:/ti/ccs1281/ccs/ccs_base/arm/include/CMSIS" --include_path="C:/Users/skim/OneDrive - IHMC/Desktop/CCS_21.0.0.00014_win/Lab 01/Lab1" --include_path="C:/ti/ccs1281/ccs/tools/compiler/ti-cgt-arm_20.2.7.LTS/include" --advice:power=all --define=__MSP432P401R__ --define=ccs -g --gcc --diag_warning=225 --diag_wrap=off --display_error_number --abi=eabi --preproc_with_compile --preproc_dependency="driverlib/MSP432P4xx/systick.d_raw" --obj_directory="driverlib/MSP432P4xx"  "../driverlib/MSP432P4xx/systick.c"
Finished building: "../driverlib/MSP432P4xx/systick.c"
 
Building file: "../driverlib/MSP432P4xx/timer32.c"
Invoking: Arm Compiler
"C:/ti/ccs1281/ccs/tools/compiler/ti-cgt-arm_20.2.7.LTS/bin/armcl" -mv7M4 --code_state=16 --float_support=FPv4SPD16 -me --include_path="C:/Users/skim/OneDrive - IHMC/Desktop/CCS_21.0.0.00014_win/Lab 01/Lab1/driverlib/MSP432P4xx" --include_path="C:/ti/simplelink_msp432p4_sdk_3_40_01_02/source/ti/devices/msp432p4xx/inc" --include_path="C:/ti/simplelink_msp432p4_sdk_3_40_01_02/source/third_party/CMSIS/Include" --include_path="C:/ti/ccs1281/ccs/ccs_base/arm/include/CMSIS" --include_path="C:/Users/skim/OneDrive - IHMC/Desktop/CCS_21.0.0.00014_win/Lab 01/Lab1" --include_path="C:/ti/ccs1281/ccs/tools/compiler/ti-cgt-arm_20.2.7.LTS/include" --advice:power=all --define=__MSP432P401R__ --define=ccs -g --gcc --diag_warning=225 --diag_wrap=off --display_error_number --abi=eabi --preproc_with_compile --preproc_dependency="driverlib/MSP432P4xx/timer32.d_raw" --obj_directory="driverlib/MSP432P4xx"  "../driverlib/MSP432P4xx/timer32.c"
Finished building: "../driverlib/MSP432P4xx/timer32.c"
 
Building file: "../driverlib/MSP432P4xx/wdt_a.c"
Invoking: Arm Compiler
"C:/ti/ccs1281/ccs/tools/compiler/ti-cgt-arm_20.2.7.LTS/bin/armcl" -mv7M4 --code_state=16 --float_support=FPv4SPD16 -me --include_path="C:/Users/skim/OneDrive - IHMC/Desktop/CCS_21.0.0.00014_win/Lab 01/Lab1/driverlib/MSP432P4xx" --include_path="C:/ti/simplelink_msp432p4_sdk_3_40_01_02/source/ti/devices/msp432p4xx/inc" --include_path="C:/ti/simplelink_msp432p4_sdk_3_40_01_02/source/third_party/CMSIS/Include" --include_path="C:/ti/ccs1281/ccs/ccs_base/arm/include/CMSIS" --include_path="C:/Users/skim/OneDrive - IHMC/Desktop/CCS_21.0.0.00014_win/Lab 01/Lab1" --include_path="C:/ti/ccs1281/ccs/tools/compiler/ti-cgt-arm_20.2.7.LTS/include" --advice:power=all --define=__MSP432P401R__ --define=ccs -g --gcc --diag_warning=225 --diag_wrap=off --display_error_number --abi=eabi --preproc_with_compile --preproc_dependency="driverlib/MSP432P4xx/wdt_a.d_raw" --obj_directory="driverlib/MSP432P4xx"  "../driverlib/MSP432P4xx/wdt_a.c"
Finished building: "../driverlib/MSP432P4xx/wdt_a.c"
 
Building file: "../driverlib/MSP432P4xx/uart.c"
Invoking: Arm Compiler
"C:/ti/ccs1281/ccs/tools/compiler/ti-cgt-arm_20.2.7.LTS/bin/armcl" -mv7M4 --code_state=16 --float_support=FPv4SPD16 -me --include_path="C:/Users/skim/OneDrive - IHMC/Desktop/CCS_21.0.0.00014_win/Lab 01/Lab1/driverlib/MSP432P4xx" --include_path="C:/ti/simplelink_msp432p4_sdk_3_40_01_02/source/ti/devices/msp432p4xx/inc" --include_path="C:/ti/simplelink_msp432p4_sdk_3_40_01_02/source/third_party/CMSIS/Include" --include_path="C:/ti/ccs1281/ccs/ccs_base/arm/include/CMSIS" --include_path="C:/Users/skim/OneDrive - IHMC/Desktop/CCS_21.0.0.00014_win/Lab 01/Lab1" --include_path="C:/ti/ccs1281/ccs/tools/compiler/ti-cgt-arm_20.2.7.LTS/include" --advice:power=all --define=__MSP432P401R__ --define=ccs -g --gcc --diag_warning=225 --diag_wrap=off --display_error_number --abi=eabi --preproc_with_compile --preproc_dependency="driverlib/MSP432P4xx/uart.d_raw" --obj_directory="driverlib/MSP432P4xx"  "../driverlib/MSP432P4xx/uart.c"
"../driverlib/MSP432P4xx/uart.c", line 127: remark #1527-D: (ULP 2.1) Detected SW delay loop using empty loop. Recommend using a timer module instead
"../driverlib/MSP432P4xx/uart.c", line 137: remark #1527-D: (ULP 2.1) Detected SW delay loop using empty loop. Recommend using a timer module instead
"../driverlib/MSP432P4xx/uart.c", line 205: remark #1527-D: (ULP 2.1) Detected SW delay loop using empty loop. Recommend using a timer module instead
Finished building: "../driverlib/MSP432P4xx/uart.c"
 
Building file: "../driverlib/MSP432P4xx/timer_a.c"
Invoking: Arm Compiler
"C:/ti/ccs1281/ccs/tools/compiler/ti-cgt-arm_20.2.7.LTS/bin/armcl" -mv7M4 --code_state=16 --float_support=FPv4SPD16 -me --include_path="C:/Users/skim/OneDrive - IHMC/Desktop/CCS_21.0.0.00014_win/Lab 01/Lab1/driverlib/MSP432P4xx" --include_path="C:/ti/simplelink_msp432p4_sdk_3_40_01_02/source/ti/devices/msp432p4xx/inc" --include_path="C:/ti/simplelink_msp432p4_sdk_3_40_01_02/source/third_party/CMSIS/Include" --include_path="C:/ti/ccs1281/ccs/ccs_base/arm/include/CMSIS" --include_path="C:/Users/skim/OneDrive - IHMC/Desktop/CCS_21.0.0.00014_win/Lab 01/Lab1" --include_path="C:/ti/ccs1281/ccs/tools/compiler/ti-cgt-arm_20.2.7.LTS/include" --advice:power=all --define=__MSP432P401R__ --define=ccs -g --gcc --diag_warning=225 --diag_wrap=off --display_error_number --abi=eabi --preproc_with_compile --preproc_dependency="driverlib/MSP432P4xx/timer_a.d_raw" --obj_directory="driverlib/MSP432P4xx"  "../driverlib/MSP432P4xx/timer_a.c"
Finished building: "../driverlib/MSP432P4xx/timer_a.c"
 
Building target: "Lab1.out"
Invoking: Arm Linker
"C:/ti/ccs1281/ccs/tools/compiler/ti-cgt-arm_20.2.7.LTS/bin/armcl" -mv7M4 --code_state=16 --float_support=FPv4SPD16 -me --advice:power=all --define=__MSP432P401R__ --define=ccs -g --gcc --diag_warning=225 --diag_wrap=off --display_error_number --abi=eabi -z -m"Lab1.map" --heap_size=1024 --stack_size=512 -i"C:/ti/ccs1281/ccs/ccs_base/arm/include" -i"C:/ti/ccs1281/ccs/tools/compiler/ti-cgt-arm_20.2.7.LTS/lib" -i"C:/ti/ccs1281/ccs/tools/compiler/ti-cgt-arm_20.2.7.LTS/include" --reread_libs --diag_wrap=off --display_error_number --warn_sections --xml_link_info="Lab1_linkInfo.xml" --rom_model -o "Lab1.out" "./main.obj" "./startup_msp432p401r_ccs.obj" "./system_msp432p401r.obj" "./driverlib/MSP432P4xx/adc14.obj" "./driverlib/MSP432P4xx/aes256.obj" "./driverlib/MSP432P4xx/comp_e.obj" "./driverlib/MSP432P4xx/cpu.obj" "./driverlib/MSP432P4xx/crc32.obj" "./driverlib/MSP432P4xx/cs.obj" "./driverlib/MSP432P4xx/dma.obj" "./driverlib/MSP432P4xx/flash.obj" "./driverlib/MSP432P4xx/fpu.obj" "./driverlib/MSP432P4xx/gpio.obj" "./driverlib/MSP432P4xx/i2c.obj" "./driverlib/MSP432P4xx/interrupt.obj" "./driverlib/MSP432P4xx/mpu.obj" "./driverlib/MSP432P4xx/pcm.obj" "./driverlib/MSP432P4xx/pmap.obj" "./driverlib/MSP432P4xx/pss.obj" "./driverlib/MSP432P4xx/ref_a.obj" "./driverlib/MSP432P4xx/reset.obj" "./driverlib/MSP432P4xx/rtc_c.obj" "./driverlib/MSP432P4xx/spi.obj" "./driverlib/MSP432P4xx/sysctl.obj" "./driverlib/MSP432P4xx/systick.obj" "./driverlib/MSP432P4xx/timer32.obj" "./driverlib/MSP432P4xx/timer_a.obj" "./driverlib/MSP432P4xx/uart.obj" "./driverlib/MSP432P4xx/wdt_a.obj" "../msp432p401r.cmd"  -llibc.a 
<Linking>
remark #10371-D: (ULP 1.1) Detected no uses of low power mode state changing instructions
remark #10372-D: (ULP 4.1) Detected uninitialized Port 1 in this project. Recommend initializing all unused ports to eliminate wasted current consumption on unused pins.
remark #10372-D: (ULP 4.1) Detected uninitialized Port 2 in this project. Recommend initializing all unused ports to eliminate wasted current consumption on unused pins.
remark #10372-D: (ULP 4.1) Detected uninitialized Port 3 in this project. Recommend initializing all unused ports to eliminate wasted current consumption on unused pins.
remark #10372-D: (ULP 4.1) Detected uninitialized Port 4 in this project. Recommend initializing all unused ports to eliminate wasted current consumption on unused pins.
remark #10372-D: (ULP 4.1) Detected uninitialized Port 5 in this project. Recommend initializing all unused ports to eliminate wasted current consumption on unused pins.
remark #10372-D: (ULP 4.1) Detected uninitialized Port 6 in this project. Recommend initializing all unused ports to eliminate wasted current consumption on unused pins.
remark #10372-D: (ULP 4.1) Detected uninitialized Port 7 in this project. Recommend initializing all unused ports to eliminate wasted current consumption on unused pins.
remark #10372-D: (ULP 4.1) Detected uninitialized Port 8 in this project. Recommend initializing all unused ports to eliminate wasted current consumption on unused pins.
remark #10372-D: (ULP 4.1) Detected uninitialized Port 9 in this project. Recommend initializing all unused ports to eliminate wasted current consumption on unused pins.
remark #10372-D: (ULP 4.1) Detected uninitialized Port 10 in this project. Recommend initializing all unused ports to eliminate wasted current consumption on unused pins.
Finished building target: "Lab1.out"
 

**** Build Finished ****
